// Jest Snapshot v1, https://goo.gl/fbAQLP

exports[`renders correctly 1`] = `
<div
  className="ui mobile vertically reversed grid"
>
  <div
    className="row"
  >
    <div
      className="sixteen wide column"
    >
      <div>
        <h2>
          Blog app
        </h2>
      </div>
    </div>
    <div
      className="sixteen wide column"
    >
      <div
        style={
          Object {
            "margin": 20,
          }
        }
      >
        <h3>
          Definition of blog
        </h3>
        <p>
          A blog (shortening of “weblog”) is an online journal or informational website displaying information in the reverse chronological order, with latest posts appearing first. It is a platform where a writer or even a group of writers share their views on an individual subject.
        </p>
        <h3>
          Blog structure
        </h3>
        <p>
          The appearance of blogs changed over time, and nowadays blogs include different items. But, most blogs include some standard features and structure. Here are common features that a typical blog will include: Header with the menu or navigation bar Main content area with highlighted or latest blog posts Sidebar with social profiles, favorite content, or call-to-action Footer with relevant links like a disclaimer, privacy policy, contact page, etc.
        </p>
      </div>
    </div>
  </div>
</div>
`;
